
(16-03-2015 15:24:49) -> ERRO AO ACESSAR A URL: http://player.radiorock.com.br/cron/integrador/results.json?_=1426437442704
(16-03-2015 15:27:15) -> ERRO AO ACESSAR A URL: http://player.radiorock.com.br/cron/integrador/results.json?_=1426437442704
(16-03-2015 15:28:07) -> ERRO AO ACESSAR A URL: http://player.radiorock.com.br/cron/integrador/results.json?_=1426437442704
(16-03-2015 15:29:14) -> ERRO AO ACESSAR A URL: http://player.radiorock.com.br/cron/integrador/results.json?_=1426437442704
(16-03-2015 15:30:18) -> ERRO AO ACESSAR A URL: http://player.radiorock.com.br/cron/integrador/results.json?_=1426437442704
(16-03-2015 15:31:18) -> ERRO AO ACESSAR A URL: http://player.radiorock.com.br/cron/integrador/results.json?_=1426437442704
(16-03-2015 15:32:19) -> ERRO AO ACESSAR A URL: http://player.radiorock.com.br/cron/integrador/results.json?_=1426437442704
(16-03-2015 15:33:11) -> ERRO AO ACESSAR A URL: http://player.radiorock.com.br/cron/integrador/results.json?_=1426437442704
(16-03-2015 15:33:34) -> ERRO AO ACESSAR A URL: http://player.radiorock.com.br/cron/integrador/results.json?_=1426437442704
(18-03-2015 01:50:56) -> ERRO AO ACESSAR A URL: http://player.radiorock.com.br/cron/integrador/results.json?_=1426437442704
(18-03-2015 01:53:56) -> ERRO AO ACESSAR A URL: http://player.radiorock.com.br/cron/integrador/results.json?_=1426437442704
(18-03-2015 01:56:56) -> ERRO AO ACESSAR A URL: http://player.radiorock.com.br/cron/integrador/results.json?_=1426437442704
(18-03-2015 01:59:56) -> ERRO AO ACESSAR A URL: http://player.radiorock.com.br/cron/integrador/results.json?_=1426437442704
(18-03-2015 02:18:01) -> ERRO AO ACESSAR A URL: http://player.radiorock.com.br/cron/integrador/results.json?_=1426437442704
(18-03-2015 02:21:01) -> ERRO AO ACESSAR A URL: http://player.radiorock.com.br/cron/integrador/results.json?_=1426437442704
(18-03-2015 02:24:01) -> ERRO AO ACESSAR A URL: http://player.radiorock.com.br/cron/integrador/results.json?_=1426437442704
(18-03-2015 02:27:01) -> ERRO AO ACESSAR A URL: http://player.radiorock.com.br/cron/integrador/results.json?_=1426437442704
(18-03-2015 03:44:26) -> ERRO AO ACESSAR A URL: http://player.radiorock.com.br/cron/integrador/results.json?_=1426437442704
(18-03-2015 03:47:26) -> ERRO AO ACESSAR A URL: http://player.radiorock.com.br/cron/integrador/results.json?_=1426437442704
(18-03-2015 03:50:26) -> ERRO AO ACESSAR A URL: http://player.radiorock.com.br/cron/integrador/results.json?_=1426437442704
(18-03-2015 03:53:26) -> ERRO AO ACESSAR A URL: http://player.radiorock.com.br/cron/integrador/results.json?_=1426437442704
(18-03-2015 03:56:26) -> ERRO AO ACESSAR A URL: http://player.radiorock.com.br/cron/integrador/results.json?_=1426437442704
(18-03-2015 03:59:26) -> ERRO AO ACESSAR A URL: http://player.radiorock.com.br/cron/integrador/results.json?_=1426437442704
(18-03-2015 04:02:26) -> ERRO AO ACESSAR A URL: http://player.radiorock.com.br/cron/integrador/results.json?_=1426437442704
(18-03-2015 05:21:13) -> ERRO AO ACESSAR A URL: http://player.radiorock.com.br/cron/integrador/results.json?_=1426437442704
(18-03-2015 05:24:13) -> ERRO AO ACESSAR A URL: http://player.radiorock.com.br/cron/integrador/results.json?_=1426437442704
(18-03-2015 05:27:13) -> ERRO AO ACESSAR A URL: http://player.radiorock.com.br/cron/integrador/results.json?_=1426437442704
(18-03-2015 05:30:13) -> ERRO AO ACESSAR A URL: http://player.radiorock.com.br/cron/integrador/results.json?_=1426437442704
(18-03-2015 05:33:13) -> ERRO AO ACESSAR A URL: http://player.radiorock.com.br/cron/integrador/results.json?_=1426437442704
(18-03-2015 05:36:13) -> ERRO AO ACESSAR A URL: http://player.radiorock.com.br/cron/integrador/results.json?_=1426437442704
(18-03-2015 05:39:13) -> ERRO AO ACESSAR A URL: http://player.radiorock.com.br/cron/integrador/results.json?_=1426437442704
(18-03-2015 05:42:13) -> ERRO AO ACESSAR A URL: http://player.radiorock.com.br/cron/integrador/results.json?_=1426437442704
(18-03-2015 05:45:13) -> ERRO AO ACESSAR A URL: http://player.radiorock.com.br/cron/integrador/results.json?_=1426437442704
(18-03-2015 06:19:22) -> ERRO AO ACESSAR A URL: http://player.radiorock.com.br/cron/integrador/results.json?_=1426437442704
(18-03-2015 06:36:26) -> ERRO AO ACESSAR A URL: http://player.radiorock.com.br/cron/integrador/results.json?_=1426437442704
(18-03-2015 06:39:26) -> ERRO AO ACESSAR A URL: http://player.radiorock.com.br/cron/integrador/results.json?_=1426437442704
(18-03-2015 06:42:26) -> ERRO AO ACESSAR A URL: http://player.radiorock.com.br/cron/integrador/results.json?_=1426437442704
(18-03-2015 06:45:26) -> ERRO AO ACESSAR A URL: http://player.radiorock.com.br/cron/integrador/results.json?_=1426437442704
(18-03-2015 06:46:52) -> ERRO AO ACESSAR A URL: http://player.radiorock.com.br/cron/integrador/results.json?_=1426437442704
(18-03-2015 06:48:17) -> ERRO AO ACESSAR A URL: http://player.radiorock.com.br/cron/integrador/results.json?_=1426437442704
(18-03-2015 06:49:43) -> ERRO AO ACESSAR A URL: http://player.radiorock.com.br/cron/integrador/results.json?_=1426437442704
(18-03-2015 06:51:09) -> ERRO AO ACESSAR A URL: http://player.radiorock.com.br/cron/integrador/results.json?_=1426437442704
(18-03-2015 06:52:34) -> ERRO AO ACESSAR A URL: http://player.radiorock.com.br/cron/integrador/results.json?_=1426437442704
(18-03-2015 06:54:00) -> ERRO AO ACESSAR A URL: http://player.radiorock.com.br/cron/integrador/results.json?_=1426437442704
(18-03-2015 06:55:25) -> ERRO AO ACESSAR A URL: http://player.radiorock.com.br/cron/integrador/results.json?_=1426437442704
(18-03-2015 06:56:51) -> ERRO AO ACESSAR A URL: http://player.radiorock.com.br/cron/integrador/results.json?_=1426437442704
(18-03-2015 06:58:17) -> ERRO AO ACESSAR A URL: http://player.radiorock.com.br/cron/integrador/results.json?_=1426437442704
(18-03-2015 06:59:42) -> ERRO AO ACESSAR A URL: http://player.radiorock.com.br/cron/integrador/results.json?_=1426437442704
(18-03-2015 07:01:08) -> ERRO AO ACESSAR A URL: http://player.radiorock.com.br/cron/integrador/results.json?_=1426437442704
(18-03-2015 07:02:33) -> ERRO AO ACESSAR A URL: http://player.radiorock.com.br/cron/integrador/results.json?_=1426437442704
(18-03-2015 07:03:59) -> ERRO AO ACESSAR A URL: http://player.radiorock.com.br/cron/integrador/results.json?_=1426437442704
(18-03-2015 07:17:02) -> ERRO AO ACESSAR A URL: http://player.radiorock.com.br/cron/integrador/results.json?_=1426437442704
(18-03-2015 07:20:02) -> ERRO AO ACESSAR A URL: http://player.radiorock.com.br/cron/integrador/results.json?_=1426437442704
(18-03-2015 07:23:02) -> ERRO AO ACESSAR A URL: http://player.radiorock.com.br/cron/integrador/results.json?_=1426437442704
(18-03-2015 07:34:04) -> ERRO AO ACESSAR A URL: http://player.radiorock.com.br/cron/integrador/results.json?_=1426437442704
(18-03-2015 07:37:04) -> ERRO AO ACESSAR A URL: http://player.radiorock.com.br/cron/integrador/results.json?_=1426437442704
(18-03-2015 07:40:04) -> ERRO AO ACESSAR A URL: http://player.radiorock.com.br/cron/integrador/results.json?_=1426437442704
(18-03-2015 07:43:04) -> ERRO AO ACESSAR A URL: http://player.radiorock.com.br/cron/integrador/results.json?_=1426437442704
(18-03-2015 07:46:04) -> ERRO AO ACESSAR A URL: http://player.radiorock.com.br/cron/integrador/results.json?_=1426437442704
(18-03-2015 07:47:05) -> ERRO AO ACESSAR A URL: http://player.radiorock.com.br/cron/integrador/results.json?_=1426437442704
(18-03-2015 07:48:05) -> ERRO AO ACESSAR A URL: http://player.radiorock.com.br/cron/integrador/results.json?_=1426437442704
(18-03-2015 07:49:05) -> ERRO AO ACESSAR A URL: http://player.radiorock.com.br/cron/integrador/results.json?_=1426437442704
(18-03-2015 07:50:05) -> ERRO AO ACESSAR A URL: http://player.radiorock.com.br/cron/integrador/results.json?_=1426437442704
(18-03-2015 07:51:05) -> ERRO AO ACESSAR A URL: http://player.radiorock.com.br/cron/integrador/results.json?_=1426437442704
(18-03-2015 07:52:05) -> ERRO AO ACESSAR A URL: http://player.radiorock.com.br/cron/integrador/results.json?_=1426437442704
(18-03-2015 07:53:05) -> ERRO AO ACESSAR A URL: http://player.radiorock.com.br/cron/integrador/results.json?_=1426437442704
(18-03-2015 07:54:05) -> ERRO AO ACESSAR A URL: http://player.radiorock.com.br/cron/integrador/results.json?_=1426437442704
(21-03-2015 10:19:24) -> ERRO AO ACESSAR A URL: http://player.radiorock.com.br/cron/integrador/results.json?_=1426437442704
(21-03-2015 10:22:24) -> ERRO AO ACESSAR A URL: http://player.radiorock.com.br/cron/integrador/results.json?_=1426437442704
(21-03-2015 10:25:24) -> ERRO AO ACESSAR A URL: http://player.radiorock.com.br/cron/integrador/results.json?_=1426437442704
(21-03-2015 10:28:24) -> ERRO AO ACESSAR A URL: http://player.radiorock.com.br/cron/integrador/results.json?_=1426437442704
(21-03-2015 10:31:24) -> ERRO AO ACESSAR A URL: http://player.radiorock.com.br/cron/integrador/results.json?_=1426437442704
(21-03-2015 10:34:24) -> ERRO AO ACESSAR A URL: http://player.radiorock.com.br/cron/integrador/results.json?_=1426437442704
(21-03-2015 10:37:24) -> ERRO AO ACESSAR A URL: http://player.radiorock.com.br/cron/integrador/results.json?_=1426437442704
(21-03-2015 10:40:24) -> ERRO AO ACESSAR A URL: http://player.radiorock.com.br/cron/integrador/results.json?_=1426437442704
(21-03-2015 10:43:24) -> ERRO AO ACESSAR A URL: http://player.radiorock.com.br/cron/integrador/results.json?_=1426437442704
(21-03-2015 10:46:24) -> ERRO AO ACESSAR A URL: http://player.radiorock.com.br/cron/integrador/results.json?_=1426437442704
(21-03-2015 10:49:24) -> ERRO AO ACESSAR A URL: http://player.radiorock.com.br/cron/integrador/results.json?_=1426437442704
(21-03-2015 10:52:24) -> ERRO AO ACESSAR A URL: http://player.radiorock.com.br/cron/integrador/results.json?_=1426437442704
(21-03-2015 10:55:24) -> ERRO AO ACESSAR A URL: http://player.radiorock.com.br/cron/integrador/results.json?_=1426437442704
(21-03-2015 10:58:24) -> ERRO AO ACESSAR A URL: http://player.radiorock.com.br/cron/integrador/results.json?_=1426437442704
(21-03-2015 11:01:24) -> ERRO AO ACESSAR A URL: http://player.radiorock.com.br/cron/integrador/results.json?_=1426437442704
(21-03-2015 11:04:24) -> ERRO AO ACESSAR A URL: http://player.radiorock.com.br/cron/integrador/results.json?_=1426437442704
(21-03-2015 11:07:24) -> ERRO AO ACESSAR A URL: http://player.radiorock.com.br/cron/integrador/results.json?_=1426437442704
(21-03-2015 11:10:24) -> ERRO AO ACESSAR A URL: http://player.radiorock.com.br/cron/integrador/results.json?_=1426437442704
(21-03-2015 11:13:24) -> ERRO AO ACESSAR A URL: http://player.radiorock.com.br/cron/integrador/results.json?_=1426437442704
(21-03-2015 11:14:24) -> ERRO AO ACESSAR A URL: http://player.radiorock.com.br/cron/integrador/results.json?_=1426437442704
(21-03-2015 11:15:24) -> ERRO AO ACESSAR A URL: http://player.radiorock.com.br/cron/integrador/results.json?_=1426437442704
(21-03-2015 11:16:24) -> ERRO AO ACESSAR A URL: http://player.radiorock.com.br/cron/integrador/results.json?_=1426437442704
(21-03-2015 11:17:24) -> ERRO AO ACESSAR A URL: http://player.radiorock.com.br/cron/integrador/results.json?_=1426437442704
(21-03-2015 11:18:24) -> ERRO AO ACESSAR A URL: http://player.radiorock.com.br/cron/integrador/results.json?_=1426437442704
(21-03-2015 11:19:24) -> ERRO AO ACESSAR A URL: http://player.radiorock.com.br/cron/integrador/results.json?_=1426437442704
(21-03-2015 11:20:24) -> ERRO AO ACESSAR A URL: http://player.radiorock.com.br/cron/integrador/results.json?_=1426437442704
(21-03-2015 11:21:24) -> ERRO AO ACESSAR A URL: http://player.radiorock.com.br/cron/integrador/results.json?_=1426437442704
(21-03-2015 11:22:24) -> ERRO AO ACESSAR A URL: http://player.radiorock.com.br/cron/integrador/results.json?_=1426437442704
(21-03-2015 11:23:24) -> ERRO AO ACESSAR A URL: http://player.radiorock.com.br/cron/integrador/results.json?_=1426437442704
(21-03-2015 11:24:24) -> ERRO AO ACESSAR A URL: http://player.radiorock.com.br/cron/integrador/results.json?_=1426437442704
(21-03-2015 11:25:24) -> ERRO AO ACESSAR A URL: http://player.radiorock.com.br/cron/integrador/results.json?_=1426437442704
(21-03-2015 11:26:24) -> ERRO AO ACESSAR A URL: http://player.radiorock.com.br/cron/integrador/results.json?_=1426437442704
(21-03-2015 11:27:24) -> ERRO AO ACESSAR A URL: http://player.radiorock.com.br/cron/integrador/results.json?_=1426437442704
(21-03-2015 11:28:24) -> ERRO AO ACESSAR A URL: http://player.radiorock.com.br/cron/integrador/results.json?_=1426437442704
(21-03-2015 11:29:24) -> ERRO AO ACESSAR A URL: http://player.radiorock.com.br/cron/integrador/results.json?_=1426437442704
(21-03-2015 11:30:24) -> ERRO AO ACESSAR A URL: http://player.radiorock.com.br/cron/integrador/results.json?_=1426437442704
(21-03-2015 11:31:24) -> ERRO AO ACESSAR A URL: http://player.radiorock.com.br/cron/integrador/results.json?_=1426437442704
(21-03-2015 11:32:24) -> ERRO AO ACESSAR A URL: http://player.radiorock.com.br/cron/integrador/results.json?_=1426437442704
(21-03-2015 11:33:24) -> ERRO AO ACESSAR A URL: http://player.radiorock.com.br/cron/integrador/results.json?_=1426437442704
(21-03-2015 11:34:24) -> ERRO AO ACESSAR A URL: http://player.radiorock.com.br/cron/integrador/results.json?_=1426437442704
(21-03-2015 11:35:24) -> ERRO AO ACESSAR A URL: http://player.radiorock.com.br/cron/integrador/results.json?_=1426437442704
(21-03-2015 11:36:24) -> ERRO AO ACESSAR A URL: http://player.radiorock.com.br/cron/integrador/results.json?_=1426437442704
(21-03-2015 11:37:25) -> ERRO AO ACESSAR A URL: http://player.radiorock.com.br/cron/integrador/results.json?_=1426437442704
(21-03-2015 11:38:25) -> ERRO AO ACESSAR A URL: http://player.radiorock.com.br/cron/integrador/results.json?_=1426437442704
(21-03-2015 11:39:25) -> ERRO AO ACESSAR A URL: http://player.radiorock.com.br/cron/integrador/results.json?_=1426437442704
(21-03-2015 11:40:25) -> ERRO AO ACESSAR A URL: http://player.radiorock.com.br/cron/integrador/results.json?_=1426437442704
(21-03-2015 11:41:25) -> ERRO AO ACESSAR A URL: http://player.radiorock.com.br/cron/integrador/results.json?_=1426437442704
(21-03-2015 11:42:25) -> ERRO AO ACESSAR A URL: http://player.radiorock.com.br/cron/integrador/results.json?_=1426437442704
(21-03-2015 11:43:25) -> ERRO AO ACESSAR A URL: http://player.radiorock.com.br/cron/integrador/results.json?_=1426437442704
(21-03-2015 11:44:25) -> ERRO AO ACESSAR A URL: http://player.radiorock.com.br/cron/integrador/results.json?_=1426437442704
(21-03-2015 11:45:25) -> ERRO AO ACESSAR A URL: http://player.radiorock.com.br/cron/integrador/results.json?_=1426437442704
(21-03-2015 11:46:25) -> ERRO AO ACESSAR A URL: http://player.radiorock.com.br/cron/integrador/results.json?_=1426437442704
(21-03-2015 11:47:25) -> ERRO AO ACESSAR A URL: http://player.radiorock.com.br/cron/integrador/results.json?_=1426437442704
(21-03-2015 11:48:25) -> ERRO AO ACESSAR A URL: http://player.radiorock.com.br/cron/integrador/results.json?_=1426437442704
(21-03-2015 11:49:25) -> ERRO AO ACESSAR A URL: http://player.radiorock.com.br/cron/integrador/results.json?_=1426437442704
(21-03-2015 11:50:25) -> ERRO AO ACESSAR A URL: http://player.radiorock.com.br/cron/integrador/results.json?_=1426437442704
(21-03-2015 11:51:25) -> ERRO AO ACESSAR A URL: http://player.radiorock.com.br/cron/integrador/results.json?_=1426437442704
(21-03-2015 11:52:25) -> ERRO AO ACESSAR A URL: http://player.radiorock.com.br/cron/integrador/results.json?_=1426437442704
(21-03-2015 11:53:25) -> ERRO AO ACESSAR A URL: http://player.radiorock.com.br/cron/integrador/results.json?_=1426437442704
(21-03-2015 11:54:25) -> ERRO AO ACESSAR A URL: http://player.radiorock.com.br/cron/integrador/results.json?_=1426437442704
(21-03-2015 11:55:25) -> ERRO AO ACESSAR A URL: http://player.radiorock.com.br/cron/integrador/results.json?_=1426437442704
(21-03-2015 11:56:25) -> ERRO AO ACESSAR A URL: http://player.radiorock.com.br/cron/integrador/results.json?_=1426437442704
(21-03-2015 11:57:25) -> ERRO AO ACESSAR A URL: http://player.radiorock.com.br/cron/integrador/results.json?_=1426437442704
(21-03-2015 11:58:25) -> ERRO AO ACESSAR A URL: http://player.radiorock.com.br/cron/integrador/results.json?_=1426437442704
(21-03-2015 11:59:25) -> ERRO AO ACESSAR A URL: http://player.radiorock.com.br/cron/integrador/results.json?_=1426437442704
(21-03-2015 12:00:25) -> ERRO AO ACESSAR A URL: http://player.radiorock.com.br/cron/integrador/results.json?_=1426437442704
(21-03-2015 12:01:25) -> ERRO AO ACESSAR A URL: http://player.radiorock.com.br/cron/integrador/results.json?_=1426437442704
(21-03-2015 12:02:25) -> ERRO AO ACESSAR A URL: http://player.radiorock.com.br/cron/integrador/results.json?_=1426437442704
(21-03-2015 12:03:25) -> ERRO AO ACESSAR A URL: http://player.radiorock.com.br/cron/integrador/results.json?_=1426437442704
(21-03-2015 12:04:25) -> ERRO AO ACESSAR A URL: http://player.radiorock.com.br/cron/integrador/results.json?_=1426437442704
(21-03-2015 12:05:25) -> ERRO AO ACESSAR A URL: http://player.radiorock.com.br/cron/integrador/results.json?_=1426437442704
(21-03-2015 12:06:25) -> ERRO AO ACESSAR A URL: http://player.radiorock.com.br/cron/integrador/results.json?_=1426437442704
(21-03-2015 12:07:25) -> ERRO AO ACESSAR A URL: http://player.radiorock.com.br/cron/integrador/results.json?_=1426437442704
(21-03-2015 12:08:25) -> ERRO AO ACESSAR A URL: http://player.radiorock.com.br/cron/integrador/results.json?_=1426437442704
(21-03-2015 12:09:25) -> ERRO AO ACESSAR A URL: http://player.radiorock.com.br/cron/integrador/results.json?_=1426437442704
(21-03-2015 12:10:25) -> ERRO AO ACESSAR A URL: http://player.radiorock.com.br/cron/integrador/results.json?_=1426437442704
(21-03-2015 12:11:25) -> ERRO AO ACESSAR A URL: http://player.radiorock.com.br/cron/integrador/results.json?_=1426437442704
(21-03-2015 12:12:25) -> ERRO AO ACESSAR A URL: http://player.radiorock.com.br/cron/integrador/results.json?_=1426437442704
(21-03-2015 12:13:25) -> ERRO AO ACESSAR A URL: http://player.radiorock.com.br/cron/integrador/results.json?_=1426437442704
(21-03-2015 12:14:25) -> ERRO AO ACESSAR A URL: http://player.radiorock.com.br/cron/integrador/results.json?_=1426437442704
(21-03-2015 12:15:25) -> ERRO AO ACESSAR A URL: http://player.radiorock.com.br/cron/integrador/results.json?_=1426437442704
(21-03-2015 12:16:25) -> ERRO AO ACESSAR A URL: http://player.radiorock.com.br/cron/integrador/results.json?_=1426437442704
(21-03-2015 12:17:25) -> ERRO AO ACESSAR A URL: http://player.radiorock.com.br/cron/integrador/results.json?_=1426437442704
(21-03-2015 12:18:25) -> ERRO AO ACESSAR A URL: http://player.radiorock.com.br/cron/integrador/results.json?_=1426437442704
(21-03-2015 12:19:25) -> ERRO AO ACESSAR A URL: http://player.radiorock.com.br/cron/integrador/results.json?_=1426437442704
(21-03-2015 12:20:25) -> ERRO AO ACESSAR A URL: http://player.radiorock.com.br/cron/integrador/results.json?_=1426437442704
(21-03-2015 12:21:25) -> ERRO AO ACESSAR A URL: http://player.radiorock.com.br/cron/integrador/results.json?_=1426437442704
(21-03-2015 12:22:25) -> ERRO AO ACESSAR A URL: http://player.radiorock.com.br/cron/integrador/results.json?_=1426437442704
(21-03-2015 12:23:25) -> ERRO AO ACESSAR A URL: http://player.radiorock.com.br/cron/integrador/results.json?_=1426437442704
(21-03-2015 12:24:25) -> ERRO AO ACESSAR A URL: http://player.radiorock.com.br/cron/integrador/results.json?_=1426437442704
(21-03-2015 12:25:25) -> ERRO AO ACESSAR A URL: http://player.radiorock.com.br/cron/integrador/results.json?_=1426437442704
(21-03-2015 12:26:25) -> ERRO AO ACESSAR A URL: http://player.radiorock.com.br/cron/integrador/results.json?_=1426437442704
(21-03-2015 12:27:25) -> ERRO AO ACESSAR A URL: http://player.radiorock.com.br/cron/integrador/results.json?_=1426437442704
(21-03-2015 12:28:25) -> ERRO AO ACESSAR A URL: http://player.radiorock.com.br/cron/integrador/results.json?_=1426437442704
(21-03-2015 12:29:25) -> ERRO AO ACESSAR A URL: http://player.radiorock.com.br/cron/integrador/results.json?_=1426437442704
(21-03-2015 12:30:25) -> ERRO AO ACESSAR A URL: http://player.radiorock.com.br/cron/integrador/results.json?_=1426437442704
(21-03-2015 12:31:25) -> ERRO AO ACESSAR A URL: http://player.radiorock.com.br/cron/integrador/results.json?_=1426437442704
(21-03-2015 12:32:25) -> ERRO AO ACESSAR A URL: http://player.radiorock.com.br/cron/integrador/results.json?_=1426437442704
(21-03-2015 12:33:25) -> ERRO AO ACESSAR A URL: http://player.radiorock.com.br/cron/integrador/results.json?_=1426437442704
(21-03-2015 12:34:25) -> ERRO AO ACESSAR A URL: http://player.radiorock.com.br/cron/integrador/results.json?_=1426437442704
(21-03-2015 12:35:25) -> ERRO AO ACESSAR A URL: http://player.radiorock.com.br/cron/integrador/results.json?_=1426437442704
(21-03-2015 12:36:25) -> ERRO AO ACESSAR A URL: http://player.radiorock.com.br/cron/integrador/results.json?_=1426437442704
(21-03-2015 12:37:25) -> ERRO AO ACESSAR A URL: http://player.radiorock.com.br/cron/integrador/results.json?_=1426437442704
(21-03-2015 12:38:26) -> ERRO AO ACESSAR A URL: http://player.radiorock.com.br/cron/integrador/results.json?_=1426437442704
(21-03-2015 12:39:26) -> ERRO AO ACESSAR A URL: http://player.radiorock.com.br/cron/integrador/results.json?_=1426437442704
(21-03-2015 12:40:26) -> ERRO AO ACESSAR A URL: http://player.radiorock.com.br/cron/integrador/results.json?_=1426437442704
(21-03-2015 12:41:26) -> ERRO AO ACESSAR A URL: http://player.radiorock.com.br/cron/integrador/results.json?_=1426437442704
(21-03-2015 12:42:26) -> ERRO AO ACESSAR A URL: http://player.radiorock.com.br/cron/integrador/results.json?_=1426437442704
(21-03-2015 12:43:26) -> ERRO AO ACESSAR A URL: http://player.radiorock.com.br/cron/integrador/results.json?_=1426437442704
(21-03-2015 12:44:26) -> ERRO AO ACESSAR A URL: http://player.radiorock.com.br/cron/integrador/results.json?_=1426437442704
(21-03-2015 12:45:26) -> ERRO AO ACESSAR A URL: http://player.radiorock.com.br/cron/integrador/results.json?_=1426437442704
(21-03-2015 12:46:26) -> ERRO AO ACESSAR A URL: http://player.radiorock.com.br/cron/integrador/results.json?_=1426437442704
(21-03-2015 12:47:26) -> ERRO AO ACESSAR A URL: http://player.radiorock.com.br/cron/integrador/results.json?_=1426437442704
(21-03-2015 12:48:26) -> ERRO AO ACESSAR A URL: http://player.radiorock.com.br/cron/integrador/results.json?_=1426437442704
(21-03-2015 12:49:26) -> ERRO AO ACESSAR A URL: http://player.radiorock.com.br/cron/integrador/results.json?_=1426437442704
(21-03-2015 12:50:26) -> ERRO AO ACESSAR A URL: http://player.radiorock.com.br/cron/integrador/results.json?_=1426437442704
(21-03-2015 12:51:26) -> ERRO AO ACESSAR A URL: http://player.radiorock.com.br/cron/integrador/results.json?_=1426437442704
(21-03-2015 12:52:26) -> ERRO AO ACESSAR A URL: http://player.radiorock.com.br/cron/integrador/results.json?_=1426437442704
(21-03-2015 12:53:26) -> ERRO AO ACESSAR A URL: http://player.radiorock.com.br/cron/integrador/results.json?_=1426437442704
(21-03-2015 12:54:26) -> ERRO AO ACESSAR A URL: http://player.radiorock.com.br/cron/integrador/results.json?_=1426437442704
(21-03-2015 12:55:26) -> ERRO AO ACESSAR A URL: http://player.radiorock.com.br/cron/integrador/results.json?_=1426437442704
(21-03-2015 12:56:26) -> ERRO AO ACESSAR A URL: http://player.radiorock.com.br/cron/integrador/results.json?_=1426437442704
(21-03-2015 12:57:26) -> ERRO AO ACESSAR A URL: http://player.radiorock.com.br/cron/integrador/results.json?_=1426437442704
(21-03-2015 12:58:26) -> ERRO AO ACESSAR A URL: http://player.radiorock.com.br/cron/integrador/results.json?_=1426437442704
(21-03-2015 12:59:26) -> ERRO AO ACESSAR A URL: http://player.radiorock.com.br/cron/integrador/results.json?_=1426437442704
(21-03-2015 13:00:26) -> ERRO AO ACESSAR A URL: http://player.radiorock.com.br/cron/integrador/results.json?_=1426437442704
(21-03-2015 13:01:26) -> ERRO AO ACESSAR A URL: http://player.radiorock.com.br/cron/integrador/results.json?_=1426437442704
(21-03-2015 13:02:26) -> ERRO AO ACESSAR A URL: http://player.radiorock.com.br/cron/integrador/results.json?_=1426437442704
(21-03-2015 13:03:26) -> ERRO AO ACESSAR A URL: http://player.radiorock.com.br/cron/integrador/results.json?_=1426437442704
(21-03-2015 13:04:26) -> ERRO AO ACESSAR A URL: http://player.radiorock.com.br/cron/integrador/results.json?_=1426437442704
(21-03-2015 13:05:26) -> ERRO AO ACESSAR A URL: http://player.radiorock.com.br/cron/integrador/results.json?_=1426437442704
(21-03-2015 13:06:26) -> ERRO AO ACESSAR A URL: http://player.radiorock.com.br/cron/integrador/results.json?_=1426437442704
(21-03-2015 13:07:26) -> ERRO AO ACESSAR A URL: http://player.radiorock.com.br/cron/integrador/results.json?_=1426437442704
(21-03-2015 13:08:26) -> ERRO AO ACESSAR A URL: http://player.radiorock.com.br/cron/integrador/results.json?_=1426437442704
(21-03-2015 13:09:26) -> ERRO AO ACESSAR A URL: http://player.radiorock.com.br/cron/integrador/results.json?_=1426437442704
(21-03-2015 13:10:27) -> ERRO AO ACESSAR A URL: http://player.radiorock.com.br/cron/integrador/results.json?_=1426437442704
(21-03-2015 13:11:27) -> ERRO AO ACESSAR A URL: http://player.radiorock.com.br/cron/integrador/results.json?_=1426437442704
(21-03-2015 13:12:27) -> ERRO AO ACESSAR A URL: http://player.radiorock.com.br/cron/integrador/results.json?_=1426437442704
(21-03-2015 13:13:27) -> ERRO AO ACESSAR A URL: http://player.radiorock.com.br/cron/integrador/results.json?_=1426437442704
(21-03-2015 13:14:27) -> ERRO AO ACESSAR A URL: http://player.radiorock.com.br/cron/integrador/results.json?_=1426437442704
(21-03-2015 13:15:27) -> ERRO AO ACESSAR A URL: http://player.radiorock.com.br/cron/integrador/results.json?_=1426437442704
(21-03-2015 13:16:27) -> ERRO AO ACESSAR A URL: http://player.radiorock.com.br/cron/integrador/results.json?_=1426437442704
(21-03-2015 13:17:27) -> ERRO AO ACESSAR A URL: http://player.radiorock.com.br/cron/integrador/results.json?_=1426437442704
(21-03-2015 13:18:27) -> ERRO AO ACESSAR A URL: http://player.radiorock.com.br/cron/integrador/results.json?_=1426437442704
(21-03-2015 13:19:27) -> ERRO AO ACESSAR A URL: http://player.radiorock.com.br/cron/integrador/results.json?_=1426437442704
(21-03-2015 13:20:27) -> ERRO AO ACESSAR A URL: http://player.radiorock.com.br/cron/integrador/results.json?_=1426437442704
(21-03-2015 13:21:27) -> ERRO AO ACESSAR A URL: http://player.radiorock.com.br/cron/integrador/results.json?_=1426437442704
(21-03-2015 13:22:27) -> ERRO AO ACESSAR A URL: http://player.radiorock.com.br/cron/integrador/results.json?_=1426437442704
(21-03-2015 13:23:27) -> ERRO AO ACESSAR A URL: http://player.radiorock.com.br/cron/integrador/results.json?_=1426437442704
(21-03-2015 13:24:27) -> ERRO AO ACESSAR A URL: http://player.radiorock.com.br/cron/integrador/results.json?_=1426437442704
(21-03-2015 13:25:27) -> ERRO AO ACESSAR A URL: http://player.radiorock.com.br/cron/integrador/results.json?_=1426437442704
(21-03-2015 13:26:27) -> ERRO AO ACESSAR A URL: http://player.radiorock.com.br/cron/integrador/results.json?_=1426437442704
(21-03-2015 13:27:27) -> ERRO AO ACESSAR A URL: http://player.radiorock.com.br/cron/integrador/results.json?_=1426437442704
(21-03-2015 13:28:27) -> ERRO AO ACESSAR A URL: http://player.radiorock.com.br/cron/integrador/results.json?_=1426437442704
(21-03-2015 13:29:27) -> ERRO AO ACESSAR A URL: http://player.radiorock.com.br/cron/integrador/results.json?_=1426437442704
(21-03-2015 13:30:27) -> ERRO AO ACESSAR A URL: http://player.radiorock.com.br/cron/integrador/results.json?_=1426437442704
(21-03-2015 13:31:27) -> ERRO AO ACESSAR A URL: http://player.radiorock.com.br/cron/integrador/results.json?_=1426437442704
(21-03-2015 13:32:27) -> ERRO AO ACESSAR A URL: http://player.radiorock.com.br/cron/integrador/results.json?_=1426437442704
(21-03-2015 13:33:27) -> ERRO AO ACESSAR A URL: http://player.radiorock.com.br/cron/integrador/results.json?_=1426437442704
(21-03-2015 13:34:27) -> ERRO AO ACESSAR A URL: http://player.radiorock.com.br/cron/integrador/results.json?_=1426437442704
(21-03-2015 13:35:27) -> ERRO AO ACESSAR A URL: http://player.radiorock.com.br/cron/integrador/results.json?_=1426437442704
(21-03-2015 13:36:27) -> ERRO AO ACESSAR A URL: http://player.radiorock.com.br/cron/integrador/results.json?_=1426437442704
(21-03-2015 13:37:27) -> ERRO AO ACESSAR A URL: http://player.radiorock.com.br/cron/integrador/results.json?_=1426437442704
(21-03-2015 13:38:27) -> ERRO AO ACESSAR A URL: http://player.radiorock.com.br/cron/integrador/results.json?_=1426437442704
(21-03-2015 13:39:27) -> ERRO AO ACESSAR A URL: http://player.radiorock.com.br/cron/integrador/results.json?_=1426437442704
(21-03-2015 13:40:28) -> ERRO AO ACESSAR A URL: http://player.radiorock.com.br/cron/integrador/results.json?_=1426437442704
(21-03-2015 13:41:28) -> ERRO AO ACESSAR A URL: http://player.radiorock.com.br/cron/integrador/results.json?_=1426437442704
(21-03-2015 13:42:28) -> ERRO AO ACESSAR A URL: http://player.radiorock.com.br/cron/integrador/results.json?_=1426437442704
(21-03-2015 13:43:28) -> ERRO AO ACESSAR A URL: http://player.radiorock.com.br/cron/integrador/results.json?_=1426437442704
(21-03-2015 13:44:28) -> ERRO AO ACESSAR A URL: http://player.radiorock.com.br/cron/integrador/results.json?_=1426437442704
(21-03-2015 13:45:28) -> ERRO AO ACESSAR A URL: http://player.radiorock.com.br/cron/integrador/results.json?_=1426437442704
(21-03-2015 13:46:28) -> ERRO AO ACESSAR A URL: http://player.radiorock.com.br/cron/integrador/results.json?_=1426437442704
(21-03-2015 13:47:28) -> ERRO AO ACESSAR A URL: http://player.radiorock.com.br/cron/integrador/results.json?_=1426437442704
(21-03-2015 13:48:28) -> ERRO AO ACESSAR A URL: http://player.radiorock.com.br/cron/integrador/results.json?_=1426437442704
(21-03-2015 13:49:28) -> ERRO AO ACESSAR A URL: http://player.radiorock.com.br/cron/integrador/results.json?_=1426437442704
(21-03-2015 13:50:28) -> ERRO AO ACESSAR A URL: http://player.radiorock.com.br/cron/integrador/results.json?_=1426437442704
(21-03-2015 13:51:28) -> ERRO AO ACESSAR A URL: http://player.radiorock.com.br/cron/integrador/results.json?_=1426437442704
(21-03-2015 13:52:28) -> ERRO AO ACESSAR A URL: http://player.radiorock.com.br/cron/integrador/results.json?_=1426437442704
(21-03-2015 13:53:28) -> ERRO AO ACESSAR A URL: http://player.radiorock.com.br/cron/integrador/results.json?_=1426437442704
(21-03-2015 13:54:28) -> ERRO AO ACESSAR A URL: http://player.radiorock.com.br/cron/integrador/results.json?_=1426437442704
(21-03-2015 13:55:28) -> ERRO AO ACESSAR A URL: http://player.radiorock.com.br/cron/integrador/results.json?_=1426437442704
(21-03-2015 13:56:28) -> ERRO AO ACESSAR A URL: http://player.radiorock.com.br/cron/integrador/results.json?_=1426437442704
(21-03-2015 13:57:28) -> ERRO AO ACESSAR A URL: http://player.radiorock.com.br/cron/integrador/results.json?_=1426437442704
(21-03-2015 13:58:28) -> ERRO AO ACESSAR A URL: http://player.radiorock.com.br/cron/integrador/results.json?_=1426437442704
(21-03-2015 13:59:28) -> ERRO AO ACESSAR A URL: http://player.radiorock.com.br/cron/integrador/results.json?_=1426437442704
(21-03-2015 14:00:28) -> ERRO AO ACESSAR A URL: http://player.radiorock.com.br/cron/integrador/results.json?_=1426437442704
(21-03-2015 14:01:28) -> ERRO AO ACESSAR A URL: http://player.radiorock.com.br/cron/integrador/results.json?_=1426437442704
(21-03-2015 14:02:28) -> ERRO AO ACESSAR A URL: http://player.radiorock.com.br/cron/integrador/results.json?_=1426437442704
(21-03-2015 14:03:28) -> ERRO AO ACESSAR A URL: http://player.radiorock.com.br/cron/integrador/results.json?_=1426437442704
(21-03-2015 14:04:28) -> ERRO AO ACESSAR A URL: http://player.radiorock.com.br/cron/integrador/results.json?_=1426437442704
(21-03-2015 14:05:28) -> ERRO AO ACESSAR A URL: http://player.radiorock.com.br/cron/integrador/results.json?_=1426437442704
(21-03-2015 14:06:28) -> ERRO AO ACESSAR A URL: http://player.radiorock.com.br/cron/integrador/results.json?_=1426437442704
(21-03-2015 14:07:28) -> ERRO AO ACESSAR A URL: http://player.radiorock.com.br/cron/integrador/results.json?_=1426437442704
(21-03-2015 14:08:28) -> ERRO AO ACESSAR A URL: http://player.radiorock.com.br/cron/integrador/results.json?_=1426437442704
(21-03-2015 14:09:29) -> ERRO AO ACESSAR A URL: http://player.radiorock.com.br/cron/integrador/results.json?_=1426437442704
(21-03-2015 14:10:29) -> ERRO AO ACESSAR A URL: http://player.radiorock.com.br/cron/integrador/results.json?_=1426437442704
(21-03-2015 14:11:29) -> ERRO AO ACESSAR A URL: http://player.radiorock.com.br/cron/integrador/results.json?_=1426437442704
(21-03-2015 14:12:29) -> ERRO AO ACESSAR A URL: http://player.radiorock.com.br/cron/integrador/results.json?_=1426437442704
(21-03-2015 14:13:29) -> ERRO AO ACESSAR A URL: http://player.radiorock.com.br/cron/integrador/results.json?_=1426437442704
(21-03-2015 14:14:29) -> ERRO AO ACESSAR A URL: http://player.radiorock.com.br/cron/integrador/results.json?_=1426437442704
(21-03-2015 14:15:29) -> ERRO AO ACESSAR A URL: http://player.radiorock.com.br/cron/integrador/results.json?_=1426437442704
(21-03-2015 14:16:29) -> ERRO AO ACESSAR A URL: http://player.radiorock.com.br/cron/integrador/results.json?_=1426437442704
(21-03-2015 14:17:29) -> ERRO AO ACESSAR A URL: http://player.radiorock.com.br/cron/integrador/results.json?_=1426437442704
(21-03-2015 14:18:29) -> ERRO AO ACESSAR A URL: http://player.radiorock.com.br/cron/integrador/results.json?_=1426437442704
(21-03-2015 14:19:29) -> ERRO AO ACESSAR A URL: http://player.radiorock.com.br/cron/integrador/results.json?_=1426437442704
(21-03-2015 14:20:29) -> ERRO AO ACESSAR A URL: http://player.radiorock.com.br/cron/integrador/results.json?_=1426437442704
(21-03-2015 14:21:29) -> ERRO AO ACESSAR A URL: http://player.radiorock.com.br/cron/integrador/results.json?_=1426437442704
(21-03-2015 14:22:29) -> ERRO AO ACESSAR A URL: http://player.radiorock.com.br/cron/integrador/results.json?_=1426437442704
(21-03-2015 14:23:29) -> ERRO AO ACESSAR A URL: http://player.radiorock.com.br/cron/integrador/results.json?_=1426437442704
(21-03-2015 14:24:29) -> ERRO AO ACESSAR A URL: http://player.radiorock.com.br/cron/integrador/results.json?_=1426437442704
(21-03-2015 14:25:29) -> ERRO AO ACESSAR A URL: http://player.radiorock.com.br/cron/integrador/results.json?_=1426437442704
(21-03-2015 14:26:29) -> ERRO AO ACESSAR A URL: http://player.radiorock.com.br/cron/integrador/results.json?_=1426437442704
(21-03-2015 14:27:29) -> ERRO AO ACESSAR A URL: http://player.radiorock.com.br/cron/integrador/results.json?_=1426437442704
(21-03-2015 14:28:29) -> ERRO AO ACESSAR A URL: http://player.radiorock.com.br/cron/integrador/results.json?_=1426437442704
(21-03-2015 14:29:29) -> ERRO AO ACESSAR A URL: http://player.radiorock.com.br/cron/integrador/results.json?_=1426437442704
(21-03-2015 14:30:29) -> ERRO AO ACESSAR A URL: http://player.radiorock.com.br/cron/integrador/results.json?_=1426437442704
(21-03-2015 14:31:29) -> ERRO AO ACESSAR A URL: http://player.radiorock.com.br/cron/integrador/results.json?_=1426437442704
(21-03-2015 14:32:29) -> ERRO AO ACESSAR A URL: http://player.radiorock.com.br/cron/integrador/results.json?_=1426437442704
(21-03-2015 14:33:29) -> ERRO AO ACESSAR A URL: http://player.radiorock.com.br/cron/integrador/results.json?_=1426437442704
(21-03-2015 14:34:29) -> ERRO AO ACESSAR A URL: http://player.radiorock.com.br/cron/integrador/results.json?_=1426437442704
(21-03-2015 14:35:29) -> ERRO AO ACESSAR A URL: http://player.radiorock.com.br/cron/integrador/results.json?_=1426437442704
(21-03-2015 14:36:29) -> ERRO AO ACESSAR A URL: http://player.radiorock.com.br/cron/integrador/results.json?_=1426437442704
(21-03-2015 14:37:30) -> ERRO AO ACESSAR A URL: http://player.radiorock.com.br/cron/integrador/results.json?_=1426437442704
(21-03-2015 14:38:30) -> ERRO AO ACESSAR A URL: http://player.radiorock.com.br/cron/integrador/results.json?_=1426437442704
(21-03-2015 14:39:30) -> ERRO AO ACESSAR A URL: http://player.radiorock.com.br/cron/integrador/results.json?_=1426437442704
(21-03-2015 14:40:30) -> ERRO AO ACESSAR A URL: http://player.radiorock.com.br/cron/integrador/results.json?_=1426437442704
(21-03-2015 14:41:30) -> ERRO AO ACESSAR A URL: http://player.radiorock.com.br/cron/integrador/results.json?_=1426437442704
(21-03-2015 14:42:30) -> ERRO AO ACESSAR A URL: http://player.radiorock.com.br/cron/integrador/results.json?_=1426437442704
(21-03-2015 14:43:30) -> ERRO AO ACESSAR A URL: http://player.radiorock.com.br/cron/integrador/results.json?_=1426437442704
(21-03-2015 14:44:30) -> ERRO AO ACESSAR A URL: http://player.radiorock.com.br/cron/integrador/results.json?_=1426437442704
(21-03-2015 14:45:30) -> ERRO AO ACESSAR A URL: http://player.radiorock.com.br/cron/integrador/results.json?_=1426437442704
(21-03-2015 14:46:30) -> ERRO AO ACESSAR A URL: http://player.radiorock.com.br/cron/integrador/results.json?_=1426437442704
(21-03-2015 14:47:30) -> ERRO AO ACESSAR A URL: http://player.radiorock.com.br/cron/integrador/results.json?_=1426437442704
(21-03-2015 14:48:30) -> ERRO AO ACESSAR A URL: http://player.radiorock.com.br/cron/integrador/results.json?_=1426437442704
(21-03-2015 14:49:30) -> ERRO AO ACESSAR A URL: http://player.radiorock.com.br/cron/integrador/results.json?_=1426437442704
(21-03-2015 14:50:30) -> ERRO AO ACESSAR A URL: http://player.radiorock.com.br/cron/integrador/results.json?_=1426437442704
(21-03-2015 14:51:30) -> ERRO AO ACESSAR A URL: http://player.radiorock.com.br/cron/integrador/results.json?_=1426437442704
(21-03-2015 14:52:30) -> ERRO AO ACESSAR A URL: http://player.radiorock.com.br/cron/integrador/results.json?_=1426437442704
(21-03-2015 14:53:30) -> ERRO AO ACESSAR A URL: http://player.radiorock.com.br/cron/integrador/results.json?_=1426437442704
(21-03-2015 14:54:30) -> ERRO AO ACESSAR A URL: http://player.radiorock.com.br/cron/integrador/results.json?_=1426437442704
(21-03-2015 14:55:30) -> ERRO AO ACESSAR A URL: http://player.radiorock.com.br/cron/integrador/results.json?_=1426437442704
(21-03-2015 14:56:30) -> ERRO AO ACESSAR A URL: http://player.radiorock.com.br/cron/integrador/results.json?_=1426437442704
(21-03-2015 14:57:30) -> ERRO AO ACESSAR A URL: http://player.radiorock.com.br/cron/integrador/results.json?_=1426437442704
(21-03-2015 14:58:30) -> ERRO AO ACESSAR A URL: http://player.radiorock.com.br/cron/integrador/results.json?_=1426437442704
(21-03-2015 14:59:30) -> ERRO AO ACESSAR A URL: http://player.radiorock.com.br/cron/integrador/results.json?_=1426437442704
(21-03-2015 15:00:30) -> ERRO AO ACESSAR A URL: http://player.radiorock.com.br/cron/integrador/results.json?_=1426437442704
(21-03-2015 15:01:30) -> ERRO AO ACESSAR A URL: http://player.radiorock.com.br/cron/integrador/results.json?_=1426437442704
(21-03-2015 15:02:30) -> ERRO AO ACESSAR A URL: http://player.radiorock.com.br/cron/integrador/results.json?_=1426437442704
(21-03-2015 15:03:30) -> ERRO AO ACESSAR A URL: http://player.radiorock.com.br/cron/integrador/results.json?_=1426437442704
(21-03-2015 15:04:30) -> ERRO AO ACESSAR A URL: http://player.radiorock.com.br/cron/integrador/results.json?_=1426437442704
(21-03-2015 15:05:30) -> ERRO AO ACESSAR A URL: http://player.radiorock.com.br/cron/integrador/results.json?_=1426437442704
(21-03-2015 15:06:31) -> ERRO AO ACESSAR A URL: http://player.radiorock.com.br/cron/integrador/results.json?_=1426437442704
(21-03-2015 15:07:31) -> ERRO AO ACESSAR A URL: http://player.radiorock.com.br/cron/integrador/results.json?_=1426437442704
(21-03-2015 15:08:31) -> ERRO AO ACESSAR A URL: http://player.radiorock.com.br/cron/integrador/results.json?_=1426437442704
(21-03-2015 15:09:31) -> ERRO AO ACESSAR A URL: http://player.radiorock.com.br/cron/integrador/results.json?_=1426437442704
(21-03-2015 15:10:31) -> ERRO AO ACESSAR A URL: http://player.radiorock.com.br/cron/integrador/results.json?_=1426437442704
(21-03-2015 15:11:31) -> ERRO AO ACESSAR A URL: http://player.radiorock.com.br/cron/integrador/results.json?_=1426437442704
(21-03-2015 15:12:31) -> ERRO AO ACESSAR A URL: http://player.radiorock.com.br/cron/integrador/results.json?_=1426437442704
(21-03-2015 15:13:31) -> ERRO AO ACESSAR A URL: http://player.radiorock.com.br/cron/integrador/results.json?_=1426437442704
(21-03-2015 15:14:31) -> ERRO AO ACESSAR A URL: http://player.radiorock.com.br/cron/integrador/results.json?_=1426437442704
(21-03-2015 15:15:31) -> ERRO AO ACESSAR A URL: http://player.radiorock.com.br/cron/integrador/results.json?_=1426437442704
(21-03-2015 15:16:31) -> ERRO AO ACESSAR A URL: http://player.radiorock.com.br/cron/integrador/results.json?_=1426437442704
(21-03-2015 15:17:31) -> ERRO AO ACESSAR A URL: http://player.radiorock.com.br/cron/integrador/results.json?_=1426437442704
(21-03-2015 15:18:31) -> ERRO AO ACESSAR A URL: http://player.radiorock.com.br/cron/integrador/results.json?_=1426437442704
(21-03-2015 15:19:31) -> ERRO AO ACESSAR A URL: http://player.radiorock.com.br/cron/integrador/results.json?_=1426437442704
(21-03-2015 15:20:31) -> ERRO AO ACESSAR A URL: http://player.radiorock.com.br/cron/integrador/results.json?_=1426437442704
(21-03-2015 15:21:31) -> ERRO AO ACESSAR A URL: http://player.radiorock.com.br/cron/integrador/results.json?_=1426437442704
(21-03-2015 15:22:31) -> ERRO AO ACESSAR A URL: http://player.radiorock.com.br/cron/integrador/results.json?_=1426437442704
(21-03-2015 15:23:31) -> ERRO AO ACESSAR A URL: http://player.radiorock.com.br/cron/integrador/results.json?_=1426437442704
(21-03-2015 15:24:31) -> ERRO AO ACESSAR A URL: http://player.radiorock.com.br/cron/integrador/results.json?_=1426437442704
(21-03-2015 15:25:31) -> ERRO AO ACESSAR A URL: http://player.radiorock.com.br/cron/integrador/results.json?_=1426437442704
(21-03-2015 15:26:31) -> ERRO AO ACESSAR A URL: http://player.radiorock.com.br/cron/integrador/results.json?_=1426437442704
(21-03-2015 15:27:31) -> ERRO AO ACESSAR A URL: http://player.radiorock.com.br/cron/integrador/results.json?_=1426437442704
(21-03-2015 15:28:31) -> ERRO AO ACESSAR A URL: http://player.radiorock.com.br/cron/integrador/results.json?_=1426437442704
(21-03-2015 15:29:31) -> ERRO AO ACESSAR A URL: http://player.radiorock.com.br/cron/integrador/results.json?_=1426437442704
(21-03-2015 15:30:31) -> ERRO AO ACESSAR A URL: http://player.radiorock.com.br/cron/integrador/results.json?_=1426437442704
(21-03-2015 15:31:31) -> ERRO AO ACESSAR A URL: http://player.radiorock.com.br/cron/integrador/results.json?_=1426437442704
(21-03-2015 15:32:31) -> ERRO AO ACESSAR A URL: http://player.radiorock.com.br/cron/integrador/results.json?_=1426437442704
(21-03-2015 15:33:31) -> ERRO AO ACESSAR A URL: http://player.radiorock.com.br/cron/integrador/results.json?_=1426437442704
(21-03-2015 15:34:31) -> ERRO AO ACESSAR A URL: http://player.radiorock.com.br/cron/integrador/results.json?_=1426437442704
(21-03-2015 15:35:31) -> ERRO AO ACESSAR A URL: http://player.radiorock.com.br/cron/integrador/results.json?_=1426437442704
(21-03-2015 15:36:32) -> ERRO AO ACESSAR A URL: http://player.radiorock.com.br/cron/integrador/results.json?_=1426437442704
(21-03-2015 15:37:32) -> ERRO AO ACESSAR A URL: http://player.radiorock.com.br/cron/integrador/results.json?_=1426437442704
(21-03-2015 15:38:32) -> ERRO AO ACESSAR A URL: http://player.radiorock.com.br/cron/integrador/results.json?_=1426437442704
(21-03-2015 15:39:32) -> ERRO AO ACESSAR A URL: http://player.radiorock.com.br/cron/integrador/results.json?_=1426437442704
(21-03-2015 15:40:32) -> ERRO AO ACESSAR A URL: http://player.radiorock.com.br/cron/integrador/results.json?_=1426437442704
(21-03-2015 15:41:32) -> ERRO AO ACESSAR A URL: http://player.radiorock.com.br/cron/integrador/results.json?_=1426437442704
(21-03-2015 15:42:32) -> ERRO AO ACESSAR A URL: http://player.radiorock.com.br/cron/integrador/results.json?_=1426437442704
(21-03-2015 15:43:32) -> ERRO AO ACESSAR A URL: http://player.radiorock.com.br/cron/integrador/results.json?_=1426437442704
(21-03-2015 15:44:32) -> ERRO AO ACESSAR A URL: http://player.radiorock.com.br/cron/integrador/results.json?_=1426437442704
(21-03-2015 15:45:32) -> ERRO AO ACESSAR A URL: http://player.radiorock.com.br/cron/integrador/results.json?_=1426437442704
(21-03-2015 15:46:32) -> ERRO AO ACESSAR A URL: http://player.radiorock.com.br/cron/integrador/results.json?_=1426437442704
(21-03-2015 15:47:32) -> ERRO AO ACESSAR A URL: http://player.radiorock.com.br/cron/integrador/results.json?_=1426437442704
(21-03-2015 15:48:32) -> ERRO AO ACESSAR A URL: http://player.radiorock.com.br/cron/integrador/results.json?_=1426437442704
(21-03-2015 15:49:32) -> ERRO AO ACESSAR A URL: http://player.radiorock.com.br/cron/integrador/results.json?_=1426437442704
(21-03-2015 15:50:32) -> ERRO AO ACESSAR A URL: http://player.radiorock.com.br/cron/integrador/results.json?_=1426437442704
(21-03-2015 15:51:32) -> ERRO AO ACESSAR A URL: http://player.radiorock.com.br/cron/integrador/results.json?_=1426437442704
(21-03-2015 15:52:32) -> ERRO AO ACESSAR A URL: http://player.radiorock.com.br/cron/integrador/results.json?_=1426437442704
(21-03-2015 15:53:32) -> ERRO AO ACESSAR A URL: http://player.radiorock.com.br/cron/integrador/results.json?_=1426437442704
(21-03-2015 15:54:32) -> ERRO AO ACESSAR A URL: http://player.radiorock.com.br/cron/integrador/results.json?_=1426437442704
(21-03-2015 15:55:32) -> ERRO AO ACESSAR A URL: http://player.radiorock.com.br/cron/integrador/results.json?_=1426437442704
(21-03-2015 15:56:32) -> ERRO AO ACESSAR A URL: http://player.radiorock.com.br/cron/integrador/results.json?_=1426437442704
(22-03-2015 22:59:05) -> ERRO AO ACESSAR A URL: http://player.radiorock.com.br/cron/integrador/results.json?_=1426437442704
(26-03-2015 02:09:24) -> ERRO AO ACESSAR A URL: http://player.radiorock.com.br/cron/integrador/results.json?_=1426437442704
(26-03-2015 02:10:24) -> ERRO AO ACESSAR A URL: http://player.radiorock.com.br/cron/integrador/results.json?_=1426437442704
(26-03-2015 02:13:24) -> ERRO AO ACESSAR A URL: http://player.radiorock.com.br/cron/integrador/results.json?_=1426437442704
(26-03-2015 02:16:24) -> ERRO AO ACESSAR A URL: http://player.radiorock.com.br/cron/integrador/results.json?_=1426437442704